[     171ms] TypeError: applications.map is not a function
    at ApplicationList (http://localhost:3000/_next/static/chunks/work_example_speckit_0m3k1uu._.js:152:44)
    at Object.react_stack_bottom_frame (http://localhost:3000/_next/static/chunks/0ymv_next_dist_compiled_react-dom_0fd-xty._.js:15037:24)
    at renderWithHooks (http://localhost:3000/_next/static/chunks/0ymv_next_dist_compiled_react-dom_0fd-xty._.js:4620:24)
    at updateFunctionComponent (http://localhost:3000/_next/static/chunks/0ymv_next_dist_compiled_react-dom_0fd-xty._.js:6081:21)
    at beginWork (http://localhost:3000/_next/static/chunks/0ymv_next_dist_compiled_react-dom_0fd-xty._.js:6691:24)
    at runWithFiberInDEV (http://localhost:3000/_next/static/chunks/0ymv_next_dist_compiled_react-dom_0fd-xty._.js:965:74)
    at performUnitOfWork (http://localhost:3000/_next/static/chunks/0ymv_next_dist_compiled_react-dom_0fd-xty._.js:9555:97)
    at workLoopSync (http://localhost:3000/_next/static/chunks/0ymv_next_dist_compiled_react-dom_0fd-xty._.js:9449:40)
    at renderRootSync (http://localhost:3000/_next/static/chunks/0ymv_next_dist_compiled_react-dom_0fd-xty._.js:9433:13)
    at performWorkOnRoot (http://localhost:3000/_next/static/chunks/0ymv_next_dist_compiled_react-dom_0fd-xty._.js:9098:47)
    at performWorkOnRootViaSchedulerTask (http://localhost:3000/_next/static/chunks/0ymv_next_dist_compiled_react-dom_0fd-xty._.js:10255:9)
    at MessagePort.performWorkUntilDeadline (http://localhost:3000/_next/static/chunks/0ymv_next_dist_compiled_0ml6frr._.js:2647:64)
[  474903ms] TypeError: applications.map is not a function
    at ApplicationList (http://localhost:3000/_next/static/chunks/work_example_speckit_0m3k1uu._.js:152:44)
    at Object.react_stack_bottom_frame (http://localhost:3000/_next/static/chunks/0ymv_next_dist_compiled_react-dom_0fd-xty._.js:15037:24)
    at renderWithHooks (http://localhost:3000/_next/static/chunks/0ymv_next_dist_compiled_react-dom_0fd-xty._.js:4620:24)
    at updateFunctionComponent (http://localhost:3000/_next/static/chunks/0ymv_next_dist_compiled_react-dom_0fd-xty._.js:6081:21)
    at beginWork (http://localhost:3000/_next/static/chunks/0ymv_next_dist_compiled_react-dom_0fd-xty._.js:6691:24)
    at runWithFiberInDEV (http://localhost:3000/_next/static/chunks/0ymv_next_dist_compiled_react-dom_0fd-xty._.js:965:74)
    at performUnitOfWork (http://localhost:3000/_next/static/chunks/0ymv_next_dist_compiled_react-dom_0fd-xty._.js:9555:97)
    at workLoopSync (http://localhost:3000/_next/static/chunks/0ymv_next_dist_compiled_react-dom_0fd-xty._.js:9449:40)
    at renderRootSync (http://localhost:3000/_next/static/chunks/0ymv_next_dist_compiled_react-dom_0fd-xty._.js:9433:13)
    at performWorkOnRoot (http://localhost:3000/_next/static/chunks/0ymv_next_dist_compiled_react-dom_0fd-xty._.js:9098:47)
    at performWorkOnRootViaSchedulerTask (http://localhost:3000/_next/static/chunks/0ymv_next_dist_compiled_react-dom_0fd-xty._.js:10255:9)
    at MessagePort.performWorkUntilDeadline (http://localhost:3000/_next/static/chunks/0ymv_next_dist_compiled_0ml6frr._.js:2647:64)
[  687527ms] [WARNING] [Fast Refresh] performing full reload because your application had an unrecoverable error @ http://localhost:3000/_next/static/chunks/0ymv_next_dist_07rfmrv._.js:2431
